 
****************************************
Report : reference
Design : priQueue
Version: Z-2007.03-SP5
Date   : Tue Nov 13 04:46:40 2012
****************************************

Attributes:
    b - black box (unknown)
   bo - allows boundary optimization
    d - dont_touch
   mo - map_only
    h - hierarchical
    n - noncombinational
    r - removable
    s - synthetic operator
    u - contains unmapped logic

Reference          Library       Unit Area   Count    Total Area   Attributes
-----------------------------------------------------------------------------
AOI2BB1X1          typical       16.632000       1     16.632000  
AOI2BB1XL          typical       16.632000       1     16.632000  
AOI21X1            typical       13.305600       3     39.916800  
AOI31X1            typical       16.632000       3     49.896000  
AOI211X1           typical       16.632000       4     66.528000  
DFFRHQX1           typical       69.854401       5    349.272003  n
DFFRHQX4           typical      106.444801       1    106.444801  n
DLY1X1             typical       19.958401       1     19.958401  
INVX1              typical        6.652800      10     66.528001  
INVXL              typical        6.652800       3     19.958400  
MXI2X1             typical       23.284800       4     93.139198  
NAND2BX1           typical       13.305600       2     26.611200  
NAND2X1            typical        9.979200       4     39.916801  
NAND3BX1           typical       16.632000       1     16.632000  
NAND4BXL           typical       19.958401       1     19.958401  
NAND4X1            typical       16.632000       1     16.632000  
NOR2BX1            typical       13.305600       1     13.305600  
NOR2X1             typical        9.979200      10     99.792004  
NOR3BX1            typical       19.958401       1     19.958401  
NOR3X1             typical       13.305600       1     13.305600  
OAI21XL            typical       13.305600       9    119.750401  
OAI22X1            typical       19.958401       4     79.833603  
OAI221XL           typical       23.284800       4     93.139198  
OR2X1              typical       13.305600       2     26.611200  
-----------------------------------------------------------------------------
Total 24 references                                  1430.352015
1
